// Jest Snapshot v1, https://goo.gl/fbAQLP

exports[`Test Login component Login component should render correctly 1`] = `
<div>
  <section
    class="login"
  >
    <h1
      class="login__title"
      data-testid="Sign in"
    >
      Sign in
    </h1>
    <form
      action="#"
      class="login__form form"
      id="form"
      method="post"
    >
      <div
        class="login__input-wrapper form__input-wrapper"
      >
        <label
          class="visually-hidden"
        >
          E-mail
        </label>
        <input
          class="login__input form__input"
          data-testid="email"
          name="email"
          placeholder="Email"
          type="email"
        />
      </div>
      <div
        class="login__input-wrapper form__input-wrapper"
      >
        <label
          class="visually-hidden"
        >
          Password
        </label>
        <input
          class="login__input form__input"
          data-testid="password"
          name="password"
          placeholder="Password"
          type="password"
        />
      </div>
      <button
        class="login__submit form__submit button"
        type="submit"
      >
        Sign in
      </button>
    </form>
  </section>
</div>
`;
